[site256076-4685-5627.strikingly.com/index.html]
[backblue.gif]
[fade.gif]
[index.html]
[assets.strikingly.com/assets/themes/perspective/main_show-e08618f32429a88e042cd266335adc27.css]
[assets.strikingly.com/assets/fb_images/default-45f4d78a285c65997137ff1963cfb1c8.png]
[www.google-analytics.com/analytics.js]
[res.cloudinary.com/hrscywv4p/image/upload/c_limit,f_auto,fl_progressive,h_1500,q_90,w_2000/v1/256076/galaxy3_g5ejyo.jpg]
[res.cloudinary.com/hrscywv4p/image/upload/c_limit,f_auto,fl_progressive,h_1500,q_90,w_2000/v1/256076/Screenshot_2015-03-21_15.23.14_wimvgl.jpg]
[assets.strikingly.com/assets/icons/transparent.png]
[assets.strikingly.com/assets/icons/transparent-dd62720805427a6dac9dc200a6bb9ab1.png]
[assets.strikingly.com/assets/icons/contact-form-brand-61f4b167033406ea78e06977c03c943d.png]
[assets.strikingly.com/assets/logo-small-2-62499bb220b74621f7af0e1a7a88dbdd.png]
[assets.strikingly.com/assets/ecommerce-footer-logo-0b02d9db6a61d204800b6777f1c50f53.png]
[site256076-4685-5627.strikingly.com/index.html]
[assets.strikingly.com/assets/bobcat/show_init-2241c9096f06009dc638642906bca260.js]
[assets.strikingly.com/assets/editor2/darken25-ed47a13e6de116def9c6003d63424045.png]
[assets.strikingly.com/assets/themes/perspective/main_show-e08618f32429a88e042cd266335adc27.css]
[ajax-assets.strikingly.com/ajax/libs/jquery/1.10.0/jquery.min.js]
[assets.strikingly.com/assets/jquery-0e7acf110c3510b03daed6c4aeccbad1.js]
[assets.strikingly.com/assets/themes/perspective/main_static-e7b8364b5449fd68093f87c56a00dc79.js]
