[site256076-4685-5627.strikingly.com/index.html]
[backblue.gif]
[fade.gif]
[index.html]
[assets.strikingly.com/assets/themes/perspective/main_show-98895c243b781e0d19cfc5e6dac1f72f.css]
[assets.strikingly.com/assets/fb_images/default-17514e7595d53fa05c93930c6bbd0e2d.png]
[d15qhc0lu1ghnk.cloudfront.net/beacon.js]
[assets.strikingly.com/assets/icons/contact-form-brand-a131063e99376a1ae2925ea4a9a09f97.png]
[assets.strikingly.com/assets/logo-small-2-9a1446099d9e66ac7f6fd9c5a13ee293.png]
[assets.strikingly.com/assets/icons/facebook-2f8d75b29dc836b3f928c8265fec909d.png]
[assets.strikingly.com/assets/icons/weibo-8aaddee6c261ee8fb55c1c3cadee100f.png]
[assets.strikingly.com/assets/icons/renren-322fc007c7248bbd59db49b1273cbeb2.png]
[assets.strikingly.com/assets/icons/twitter-e978d8012ec5ae7fec8e9d8fddb330b8.png]
[assets.strikingly.com/assets/icons/gplus-0d11bcafb1c5d0ed7efc634894a4f6b7.png]
[assets.strikingly.com/assets/ecommerce-footer-logo-e40ef719d8db03462db4b33bf1d3151c.png]
[assets.strikingly.com/assets/themes/perspective/main-cbfe1146f387326f050f1c26cb189ef5.js]
[site256076-4685-5627.strikingly.com/index.html]
[assets.strikingly.com/assets/bobcat/show_init-22513f173bd3ade27308f87d6d572ac2.js]
[assets.strikingly.com/assets/editor2/darken25-a2193be823e8808364f348e59431300c.png]
[assets.strikingly.com/assets/themes/perspective/main_show-98895c243b781e0d19cfc5e6dac1f72f.css]
[d15qhc0lu1ghnk.cloudfront.net/beacon.js]
[ajax-assets.strikingly.com/ajax/libs/jquery/1.10.0/jquery.min.js]
[assets.strikingly.com/assets/jquery-4369fea827f0df76f6e708b28317bbc5.js]
[assets.strikingly.com/assets/pages_show-43ae820be2f47bfcd540267e66fffbda.js]
